This is pdfTeX, Version 3.14159265-2.6-1.40.18 (TeX Live 2017) (preloaded format=pdflatex)
 restricted \write18 enabled.
entering extended mode
(./mdgen2_report.tex
LaTeX2e <2017-04-15>
Babel <3.16> and hyphenation patterns for 84 language(s) loaded.
(/usr/local/texlive/2017/texmf-dist/tex/latex/base/article.cls
Document Class: article 2014/09/29 v1.4h Standard LaTeX document class
(/usr/local/texlive/2017/texmf-dist/tex/latex/base/size12.clo))
(/usr/local/texlive/2017/texmf-dist/tex/latex/geometry/geometry.sty
(/usr/local/texlive/2017/texmf-dist/tex/latex/graphics/keyval.sty)
(/usr/local/texlive/2017/texmf-dist/tex/generic/oberdiek/ifpdf.sty)
(/usr/local/texlive/2017/texmf-dist/tex/generic/oberdiek/ifvtex.sty)
(/usr/local/texlive/2017/texmf-dist/tex/generic/ifxetex/ifxetex.sty))
(/usr/local/texlive/2017/texmf-dist/tex/latex/psnfss/times.sty)
(/usr/local/texlive/2017/texmf-dist/tex/latex/amsmath/amsmath.sty
For additional information on amsmath, use the `?' option.
(/usr/local/texlive/2017/texmf-dist/tex/latex/amsmath/amstext.sty
(/usr/local/texlive/2017/texmf-dist/tex/latex/amsmath/amsgen.sty))
(/usr/local/texlive/2017/texmf-dist/tex/latex/amsmath/amsbsy.sty)
(/usr/local/texlive/2017/texmf-dist/tex/latex/amsmath/amsopn.sty))
(/usr/local/texlive/2017/texmf-dist/tex/latex/amsfonts/amssymb.sty
(/usr/local/texlive/2017/texmf-dist/tex/latex/amsfonts/amsfonts.sty))
(/usr/local/texlive/2017/texmf-dist/tex/latex/graphics/graphicx.sty
(/usr/local/texlive/2017/texmf-dist/tex/latex/graphics/graphics.sty
(/usr/local/texlive/2017/texmf-dist/tex/latex/graphics/trig.sty)
(/usr/local/texlive/2017/texmf-dist/tex/latex/graphics-cfg/graphics.cfg)
(/usr/local/texlive/2017/texmf-dist/tex/latex/graphics-def/pdftex.def)))
(/usr/local/texlive/2017/texmf-dist/tex/latex/hyperref/hyperref.sty
(/usr/local/texlive/2017/texmf-dist/tex/generic/oberdiek/hobsub-hyperref.sty
(/usr/local/texlive/2017/texmf-dist/tex/generic/oberdiek/hobsub-generic.sty))
(/usr/local/texlive/2017/texmf-dist/tex/latex/oberdiek/auxhook.sty)
(/usr/local/texlive/2017/texmf-dist/tex/latex/oberdiek/kvoptions.sty)
(/usr/local/texlive/2017/texmf-dist/tex/latex/hyperref/pd1enc.def)
(/usr/local/texlive/2017/texmf-dist/tex/latex/latexconfig/hyperref.cfg)
(/usr/local/texlive/2017/texmf-dist/tex/latex/url/url.sty))

Package hyperref Message: Driver (autodetected): hpdftex.

(/usr/local/texlive/2017/texmf-dist/tex/latex/hyperref/hpdftex.def
(/usr/local/texlive/2017/texmf-dist/tex/latex/oberdiek/rerunfilecheck.sty))
(/usr/local/texlive/2017/texmf-dist/tex/latex/natbib/natbib.sty)
(/usr/local/texlive/2017/texmf-dist/tex/latex/setspace/setspace.sty)
(/usr/local/texlive/2017/texmf-dist/tex/latex/titlesec/titlesec.sty)
(/usr/local/texlive/2017/texmf-dist/tex/latex/booktabs/booktabs.sty)
(/usr/local/texlive/2017/texmf-dist/tex/latex/tools/array.sty)
(/usr/local/texlive/2017/texmf-dist/tex/latex/enumitem/enumitem.sty)
(/usr/local/texlive/2017/texmf-dist/tex/latex/xcolor/xcolor.sty
(/usr/local/texlive/2017/texmf-dist/tex/latex/graphics-cfg/color.cfg))
(/usr/local/texlive/2017/texmf-dist/tex/latex/microtype/microtype.sty
(/usr/local/texlive/2017/texmf-dist/tex/latex/microtype/microtype-pdftex.def)
(/usr/local/texlive/2017/texmf-dist/tex/latex/microtype/microtype.cfg))
(/usr/local/texlive/2017/texmf-dist/tex/latex/caption/caption.sty
(/usr/local/texlive/2017/texmf-dist/tex/latex/caption/caption3.sty))
(/usr/local/texlive/2017/texmf-dist/tex/latex/wrapfig/wrapfig.sty)
No file mdgen2_report.aux.
(/usr/local/texlive/2017/texmf-dist/tex/latex/psnfss/ot1ptm.fd)
*geometry* driver: auto-detecting
*geometry* detected driver: pdftex
(/usr/local/texlive/2017/texmf-dist/tex/context/base/mkii/supp-pdf.mkii
[Loading MPS to PDF converter (version 2006.09.02).]
) (/usr/local/texlive/2017/texmf-dist/tex/latex/oberdiek/epstopdf-base.sty
(/usr/local/texlive/2017/texmf-dist/tex/latex/oberdiek/grfext.sty)
(/usr/local/texlive/2017/texmf-dist/tex/latex/latexconfig/epstopdf-sys.cfg))
(/usr/local/texlive/2017/texmf-dist/tex/latex/hyperref/nameref.sty
(/usr/local/texlive/2017/texmf-dist/tex/generic/oberdiek/gettitlestring.sty))
(/usr/local/texlive/2017/texmf-dist/tex/latex/microtype/mt-ptm.cfg)
(/usr/local/texlive/2017/texmf-dist/tex/latex/microtype/mt-cmr.cfg)
(/usr/local/texlive/2017/texmf-dist/tex/latex/amsfonts/umsa.fd)
(/usr/local/texlive/2017/texmf-dist/tex/latex/microtype/mt-msa.cfg)
(/usr/local/texlive/2017/texmf-dist/tex/latex/amsfonts/umsb.fd)
(/usr/local/texlive/2017/texmf-dist/tex/latex/microtype/mt-msb.cfg) [1{/usr/loc
al/texlive/2017/texmf-var/fonts/map/pdftex/updmap/pdftex.map}]

Package natbib Warning: Citation `frauenfelder1991energy' on page 2 undefined o
n input line 105.


Package natbib Warning: Citation `henzler2007dynamic' on page 2 undefined on in
put line 105.


Package natbib Warning: Citation `hammes2009multiple' on page 2 undefined on in
put line 105.


Package natbib Warning: Citation `nussinov2013allostery' on page 2 undefined on
 input line 105.


Package natbib Warning: Citation `bowman2012discovery' on page 2 undefined on i
nput line 105.

[2]

Package natbib Warning: Citation `maier2015ff14sb' on page 3 undefined on input
 line 108.


Package natbib Warning: Citation `vander2024atlas' on page 3 undefined on input
 line 108.


Package natbib Warning: Citation `brooks1983harmonic' on page 3 undefined on in
put line 111.


Package natbib Warning: Citation `go1983dynamics' on page 3 undefined on input 
line 111.


Package natbib Warning: Citation `yang2007oasis' on page 3 undefined on input l
ine 111.


Package natbib Warning: Citation `noe2019boltzmann' on page 3 undefined on inpu
t line 111.


Package natbib Warning: Citation `yim2023framediff' on page 3 undefined on inpu
t line 111.


Package natbib Warning: Citation `jing2024alphaflow' on page 3 undefined on inp
ut line 111.


Package natbib Warning: Citation `lu2023eigenfold' on page 3 undefined on input
 line 111.


Package natbib Warning: Citation `lewis2024bioemu' on page 3 undefined on input
 line 111.


Package natbib Warning: Citation `watson2023novo' on page 3 undefined on input 
line 111.


Package natbib Warning: Citation `abramson2024accurate' on page 3 undefined on 
input line 111.


Package natbib Warning: Citation `leach2022denoising' on page 3 undefined on in
put line 126.


Package natbib Warning: Citation `yim2023framediff' on page 3 undefined on inpu
t line 126.

[3]

Package natbib Warning: Citation `jumper2021alphafold' on page 4 undefined on i
nput line 129.


Package natbib Warning: Citation `ho2019axial' on page 4 undefined on input lin
e 129.


Package natbib Warning: Citation `de2022riemannian' on page 4 undefined on inpu
t line 136.


Package natbib Warning: Citation `jing2024alphaflow' on page 4 undefined on inp
ut line 136.


Package natbib Warning: Citation `lin2023evolutionary' on page 4 undefined on i
nput line 148.


Package natbib Warning: Citation `jumper2021alphafold' on page 4 undefined on i
nput line 149.

[4]
Overfull \hbox (9.17267pt too wide) in paragraph at lines 150--151
\OT1/ptm/m/n/12 (-20) self-attention across all frames $\OML/cmm/m/it/12 f \OMS
/cmsy/m/n/12 2 \OT1/cmr/m/n/12 [1\OML/cmm/m/it/12 ; F\OT1/cmr/m/n/12 ]$ \OT1/pt
m/m/n/12 (-20) pro-duces up-dated hid-den states $\OT1/cmr/bx/n/12 h[] \OMS/cms
y/m/n/12   [][]\OT1/cmr/m/n/12 (\OT1/cmr/bx/n/12 h[]\OML/cmm/m/it/12 ;  f[] \OT
1/cmr/m/n/12 =
(/usr/local/texlive/2017/texmf-dist/tex/latex/amsfonts/ueuf.fd)
(/usr/local/texlive/2017/texmf-dist/tex/latex/microtype/mt-euf.cfg)

Package natbib Warning: Citation `ho2020ddpm' on page 5 undefined on input line
 155.


Package natbib Warning: Citation `song2020ddim' on page 5 undefined on input li
ne 155.


Package natbib Warning: Citation `lugmayr2022repaint' on page 5 undefined on in
put line 158.


Package natbib Warning: Citation `zhou2019continuity' on page 5 undefined on in
put line 158.

(/usr/local/texlive/2017/texmf-dist/tex/latex/psnfss/omsptm.fd)

LaTeX Warning: Reference `tab:results' on page 5 undefined on input line 175.


LaTeX Warning: `h' float specifier changed to `ht'.

[5]

Package natbib Warning: Citation `bowman2012discovery' on page 6 undefined on i
nput line 202.


Package natbib Warning: Citation `geng2023selectivity' on page 6 undefined on i
nput line 202.


Package natbib Warning: Citation `cimermancic2016cryptosite' on page 6 undefine
d on input line 202.


Package natbib Warning: Citation `le2009fpocket' on page 6 undefined on input l
ine 202.


Package natbib Warning: Citation `uversky2013unusual' on page 6 undefined on in
put line 205.


Package natbib Warning: Citation `forman2012protein' on page 6 undefined on inp
ut line 205.


Package natbib Warning: Citation `berman2000pdb' on page 6 undefined on input l
ine 208.

[6] [7]
Underfull \hbox (badness 1817) in paragraph at lines 324--327
[]\OT1/ptm/m/n/10.95 (+20) Song, J., Meng, C., Er-mon, S. (2020). De-nois-ing d
if-fu-sion im-plicit mod-els. \OT1/ptm/m/it/10.95 (+20) ICLR 2021\OT1/ptm/m/n/1
0.95 (+20) .

Package natbib Warning: There were undefined citations.

[8] (./mdgen2_report.aux

Package natbib Warning: Citation(s) may have changed.
(natbib)                Rerun to get citations correct.

)

Package rerunfilecheck Warning: File `mdgen2_report.out' has changed.
(rerunfilecheck)                Rerun to get outlines right
(rerunfilecheck)                or use package `bookmark'.


LaTeX Warning: There were undefined references.


LaTeX Warning: Label(s) may have changed. Rerun to get cross-references right.

 )
(see the transcript file for additional information){/usr/local/texlive/2017/te
xmf-dist/fonts/enc/dvips/base/8r.enc}</usr/local/texlive/2017/texmf-dist/fonts/
type1/public/amsfonts/cm/cmbx12.pfb></usr/local/texlive/2017/texmf-dist/fonts/t
ype1/public/amsfonts/cm/cmbx8.pfb></usr/local/texlive/2017/texmf-dist/fonts/typ
e1/public/amsfonts/cm/cmmi12.pfb></usr/local/texlive/2017/texmf-dist/fonts/type
1/public/amsfonts/cm/cmmi6.pfb></usr/local/texlive/2017/texmf-dist/fonts/type1/
public/amsfonts/cm/cmmi8.pfb></usr/local/texlive/2017/texmf-dist/fonts/type1/pu
blic/amsfonts/cm/cmr12.pfb></usr/local/texlive/2017/texmf-dist/fonts/type1/publ
ic/amsfonts/cm/cmr8.pfb></usr/local/texlive/2017/texmf-dist/fonts/type1/public/
amsfonts/cm/cmsy10.pfb></usr/local/texlive/2017/texmf-dist/fonts/type1/public/a
msfonts/cm/cmsy6.pfb></usr/local/texlive/2017/texmf-dist/fonts/type1/public/ams
fonts/cm/cmsy8.pfb></usr/local/texlive/2017/texmf-dist/fonts/type1/public/amsfo
nts/euler/eufm10.pfb></usr/local/texlive/2017/texmf-dist/fonts/type1/public/ams
fonts/symbols/msbm10.pfb></usr/local/texlive/2017/texmf-dist/fonts/type1/urw/ti
mes/utmb8a.pfb></usr/local/texlive/2017/texmf-dist/fonts/type1/urw/times/utmbi8
a.pfb></usr/local/texlive/2017/texmf-dist/fonts/type1/urw/times/utmr8a.pfb></us
r/local/texlive/2017/texmf-dist/fonts/type1/urw/times/utmri8a.pfb>
Output written on mdgen2_report.pdf (8 pages, 186484 bytes).
Transcript written on mdgen2_report.log.
This is BibTeX, Version 0.99d (TeX Live 2017)
The top-level auxiliary file: mdgen2_report.aux
The style file: unsrt.bst
I found no \bibdata command---while reading file mdgen2_report.aux
Warning--I didn't find a database entry for "frauenfelder1991energy"
Warning--I didn't find a database entry for "henzler2007dynamic"
Warning--I didn't find a database entry for "hammes2009multiple"
Warning--I didn't find a database entry for "nussinov2013allostery"
Warning--I didn't find a database entry for "bowman2012discovery"
Warning--I didn't find a database entry for "maier2015ff14sb"
Warning--I didn't find a database entry for "vander2024atlas"
Warning--I didn't find a database entry for "brooks1983harmonic"
Warning--I didn't find a database entry for "go1983dynamics"
Warning--I didn't find a database entry for "yang2007oasis"
Warning--I didn't find a database entry for "noe2019boltzmann"
Warning--I didn't find a database entry for "yim2023framediff"
Warning--I didn't find a database entry for "jing2024alphaflow"
Warning--I didn't find a database entry for "lu2023eigenfold"
Warning--I didn't find a database entry for "lewis2024bioemu"
Warning--I didn't find a database entry for "watson2023novo"
Warning--I didn't find a database entry for "abramson2024accurate"
Warning--I didn't find a database entry for "leach2022denoising"
Warning--I didn't find a database entry for "jumper2021alphafold"
Warning--I didn't find a database entry for "ho2019axial"
Warning--I didn't find a database entry for "de2022riemannian"
Warning--I didn't find a database entry for "lin2023evolutionary"
Warning--I didn't find a database entry for "ho2020ddpm"
Warning--I didn't find a database entry for "song2020ddim"
Warning--I didn't find a database entry for "lugmayr2022repaint"
Warning--I didn't find a database entry for "zhou2019continuity"
Warning--I didn't find a database entry for "geng2023selectivity"
Warning--I didn't find a database entry for "cimermancic2016cryptosite"
Warning--I didn't find a database entry for "le2009fpocket"
Warning--I didn't find a database entry for "uversky2013unusual"
Warning--I didn't find a database entry for "forman2012protein"
Warning--I didn't find a database entry for "berman2000pdb"
(There was 1 error message)
This is pdfTeX, Version 3.14159265-2.6-1.40.18 (TeX Live 2017) (preloaded format=pdflatex)
 restricted \write18 enabled.
entering extended mode
(./mdgen2_report.tex
LaTeX2e <2017-04-15>
Babel <3.16> and hyphenation patterns for 84 language(s) loaded.
(/usr/local/texlive/2017/texmf-dist/tex/latex/base/article.cls
Document Class: article 2014/09/29 v1.4h Standard LaTeX document class
(/usr/local/texlive/2017/texmf-dist/tex/latex/base/size12.clo))
(/usr/local/texlive/2017/texmf-dist/tex/latex/geometry/geometry.sty
(/usr/local/texlive/2017/texmf-dist/tex/latex/graphics/keyval.sty)
(/usr/local/texlive/2017/texmf-dist/tex/generic/oberdiek/ifpdf.sty)
(/usr/local/texlive/2017/texmf-dist/tex/generic/oberdiek/ifvtex.sty)
(/usr/local/texlive/2017/texmf-dist/tex/generic/ifxetex/ifxetex.sty))
(/usr/local/texlive/2017/texmf-dist/tex/latex/psnfss/times.sty)
(/usr/local/texlive/2017/texmf-dist/tex/latex/amsmath/amsmath.sty
For additional information on amsmath, use the `?' option.
(/usr/local/texlive/2017/texmf-dist/tex/latex/amsmath/amstext.sty
(/usr/local/texlive/2017/texmf-dist/tex/latex/amsmath/amsgen.sty))
(/usr/local/texlive/2017/texmf-dist/tex/latex/amsmath/amsbsy.sty)
(/usr/local/texlive/2017/texmf-dist/tex/latex/amsmath/amsopn.sty))
(/usr/local/texlive/2017/texmf-dist/tex/latex/amsfonts/amssymb.sty
(/usr/local/texlive/2017/texmf-dist/tex/latex/amsfonts/amsfonts.sty))
(/usr/local/texlive/2017/texmf-dist/tex/latex/graphics/graphicx.sty
(/usr/local/texlive/2017/texmf-dist/tex/latex/graphics/graphics.sty
(/usr/local/texlive/2017/texmf-dist/tex/latex/graphics/trig.sty)
(/usr/local/texlive/2017/texmf-dist/tex/latex/graphics-cfg/graphics.cfg)
(/usr/local/texlive/2017/texmf-dist/tex/latex/graphics-def/pdftex.def)))
(/usr/local/texlive/2017/texmf-dist/tex/latex/hyperref/hyperref.sty
(/usr/local/texlive/2017/texmf-dist/tex/generic/oberdiek/hobsub-hyperref.sty
(/usr/local/texlive/2017/texmf-dist/tex/generic/oberdiek/hobsub-generic.sty))
(/usr/local/texlive/2017/texmf-dist/tex/latex/oberdiek/auxhook.sty)
(/usr/local/texlive/2017/texmf-dist/tex/latex/oberdiek/kvoptions.sty)
(/usr/local/texlive/2017/texmf-dist/tex/latex/hyperref/pd1enc.def)
(/usr/local/texlive/2017/texmf-dist/tex/latex/latexconfig/hyperref.cfg)
(/usr/local/texlive/2017/texmf-dist/tex/latex/url/url.sty))

Package hyperref Message: Driver (autodetected): hpdftex.

(/usr/local/texlive/2017/texmf-dist/tex/latex/hyperref/hpdftex.def
(/usr/local/texlive/2017/texmf-dist/tex/latex/oberdiek/rerunfilecheck.sty))
(/usr/local/texlive/2017/texmf-dist/tex/latex/natbib/natbib.sty)
(/usr/local/texlive/2017/texmf-dist/tex/latex/setspace/setspace.sty)
(/usr/local/texlive/2017/texmf-dist/tex/latex/titlesec/titlesec.sty)
(/usr/local/texlive/2017/texmf-dist/tex/latex/booktabs/booktabs.sty)
(/usr/local/texlive/2017/texmf-dist/tex/latex/tools/array.sty)
(/usr/local/texlive/2017/texmf-dist/tex/latex/enumitem/enumitem.sty)
(/usr/local/texlive/2017/texmf-dist/tex/latex/xcolor/xcolor.sty
(/usr/local/texlive/2017/texmf-dist/tex/latex/graphics-cfg/color.cfg))
(/usr/local/texlive/2017/texmf-dist/tex/latex/microtype/microtype.sty
(/usr/local/texlive/2017/texmf-dist/tex/latex/microtype/microtype-pdftex.def)
(/usr/local/texlive/2017/texmf-dist/tex/latex/microtype/microtype.cfg))
(/usr/local/texlive/2017/texmf-dist/tex/latex/caption/caption.sty
(/usr/local/texlive/2017/texmf-dist/tex/latex/caption/caption3.sty))
(/usr/local/texlive/2017/texmf-dist/tex/latex/wrapfig/wrapfig.sty)
(./mdgen2_report.aux)
(/usr/local/texlive/2017/texmf-dist/tex/latex/psnfss/ot1ptm.fd)
*geometry* driver: auto-detecting
*geometry* detected driver: pdftex
(/usr/local/texlive/2017/texmf-dist/tex/context/base/mkii/supp-pdf.mkii
[Loading MPS to PDF converter (version 2006.09.02).]
) (/usr/local/texlive/2017/texmf-dist/tex/latex/oberdiek/epstopdf-base.sty
(/usr/local/texlive/2017/texmf-dist/tex/latex/oberdiek/grfext.sty)
(/usr/local/texlive/2017/texmf-dist/tex/latex/latexconfig/epstopdf-sys.cfg))
(/usr/local/texlive/2017/texmf-dist/tex/latex/hyperref/nameref.sty
(/usr/local/texlive/2017/texmf-dist/tex/generic/oberdiek/gettitlestring.sty))
(./mdgen2_report.out) (./mdgen2_report.out)
(/usr/local/texlive/2017/texmf-dist/tex/latex/microtype/mt-ptm.cfg)
(/usr/local/texlive/2017/texmf-dist/tex/latex/microtype/mt-cmr.cfg)
(/usr/local/texlive/2017/texmf-dist/tex/latex/amsfonts/umsa.fd)
(/usr/local/texlive/2017/texmf-dist/tex/latex/microtype/mt-msa.cfg)
(/usr/local/texlive/2017/texmf-dist/tex/latex/amsfonts/umsb.fd)
(/usr/local/texlive/2017/texmf-dist/tex/latex/microtype/mt-msb.cfg) [1{/usr/loc
al/texlive/2017/texmf-var/fonts/map/pdftex/updmap/pdftex.map}] [2] [3] [4]
Overfull \hbox (9.17267pt too wide) in paragraph at lines 150--151
\OT1/ptm/m/n/12 (-20) self-attention across all frames $\OML/cmm/m/it/12 f \OMS
/cmsy/m/n/12 2 \OT1/cmr/m/n/12 [1\OML/cmm/m/it/12 ; F\OT1/cmr/m/n/12 ]$ \OT1/pt
m/m/n/12 (-20) pro-duces up-dated hid-den states $\OT1/cmr/bx/n/12 h[] \OMS/cms
y/m/n/12   [][]\OT1/cmr/m/n/12 (\OT1/cmr/bx/n/12 h[]\OML/cmm/m/it/12 ;  f[] \OT
1/cmr/m/n/12 =
(/usr/local/texlive/2017/texmf-dist/tex/latex/amsfonts/ueuf.fd)
(/usr/local/texlive/2017/texmf-dist/tex/latex/microtype/mt-euf.cfg)
(/usr/local/texlive/2017/texmf-dist/tex/latex/psnfss/omsptm.fd)

LaTeX Warning: `h' float specifier changed to `ht'.

[5] [6] [7]
Underfull \hbox (badness 1817) in paragraph at lines 324--327
[]\OT1/ptm/m/n/10.95 (+20) Song, J., Meng, C., Er-mon, S. (2020). De-nois-ing d
if-fu-sion im-plicit mod-els. \OT1/ptm/m/it/10.95 (+20) ICLR 2021\OT1/ptm/m/n/1
0.95 (+20) .
[8] (./mdgen2_report.aux) )
(see the transcript file for additional information){/usr/local/texlive/2017/te
xmf-dist/fonts/enc/dvips/base/8r.enc}</usr/local/texlive/2017/texmf-dist/fonts/
type1/public/amsfonts/cm/cmbx12.pfb></usr/local/texlive/2017/texmf-dist/fonts/t
ype1/public/amsfonts/cm/cmbx8.pfb></usr/local/texlive/2017/texmf-dist/fonts/typ
e1/public/amsfonts/cm/cmmi12.pfb></usr/local/texlive/2017/texmf-dist/fonts/type
1/public/amsfonts/cm/cmmi6.pfb></usr/local/texlive/2017/texmf-dist/fonts/type1/
public/amsfonts/cm/cmmi8.pfb></usr/local/texlive/2017/texmf-dist/fonts/type1/pu
blic/amsfonts/cm/cmr12.pfb></usr/local/texlive/2017/texmf-dist/fonts/type1/publ
ic/amsfonts/cm/cmr8.pfb></usr/local/texlive/2017/texmf-dist/fonts/type1/public/
amsfonts/cm/cmsy10.pfb></usr/local/texlive/2017/texmf-dist/fonts/type1/public/a
msfonts/cm/cmsy6.pfb></usr/local/texlive/2017/texmf-dist/fonts/type1/public/ams
fonts/cm/cmsy8.pfb></usr/local/texlive/2017/texmf-dist/fonts/type1/public/amsfo
nts/euler/eufm10.pfb></usr/local/texlive/2017/texmf-dist/fonts/type1/public/ams
fonts/symbols/msbm10.pfb></usr/local/texlive/2017/texmf-dist/fonts/type1/urw/ti
mes/utmb8a.pfb></usr/local/texlive/2017/texmf-dist/fonts/type1/urw/times/utmbi8
a.pfb></usr/local/texlive/2017/texmf-dist/fonts/type1/urw/times/utmr8a.pfb></us
r/local/texlive/2017/texmf-dist/fonts/type1/urw/times/utmri8a.pfb>
Output written on mdgen2_report.pdf (8 pages, 188264 bytes).
Transcript written on mdgen2_report.log.
This is pdfTeX, Version 3.14159265-2.6-1.40.18 (TeX Live 2017) (preloaded format=pdflatex)
 restricted \write18 enabled.
entering extended mode
(./mdgen2_report.tex
LaTeX2e <2017-04-15>
Babel <3.16> and hyphenation patterns for 84 language(s) loaded.
(/usr/local/texlive/2017/texmf-dist/tex/latex/base/article.cls
Document Class: article 2014/09/29 v1.4h Standard LaTeX document class
(/usr/local/texlive/2017/texmf-dist/tex/latex/base/size12.clo))
(/usr/local/texlive/2017/texmf-dist/tex/latex/geometry/geometry.sty
(/usr/local/texlive/2017/texmf-dist/tex/latex/graphics/keyval.sty)
(/usr/local/texlive/2017/texmf-dist/tex/generic/oberdiek/ifpdf.sty)
(/usr/local/texlive/2017/texmf-dist/tex/generic/oberdiek/ifvtex.sty)
(/usr/local/texlive/2017/texmf-dist/tex/generic/ifxetex/ifxetex.sty))
(/usr/local/texlive/2017/texmf-dist/tex/latex/psnfss/times.sty)
(/usr/local/texlive/2017/texmf-dist/tex/latex/amsmath/amsmath.sty
For additional information on amsmath, use the `?' option.
(/usr/local/texlive/2017/texmf-dist/tex/latex/amsmath/amstext.sty
(/usr/local/texlive/2017/texmf-dist/tex/latex/amsmath/amsgen.sty))
(/usr/local/texlive/2017/texmf-dist/tex/latex/amsmath/amsbsy.sty)
(/usr/local/texlive/2017/texmf-dist/tex/latex/amsmath/amsopn.sty))
(/usr/local/texlive/2017/texmf-dist/tex/latex/amsfonts/amssymb.sty
(/usr/local/texlive/2017/texmf-dist/tex/latex/amsfonts/amsfonts.sty))
(/usr/local/texlive/2017/texmf-dist/tex/latex/graphics/graphicx.sty
(/usr/local/texlive/2017/texmf-dist/tex/latex/graphics/graphics.sty
(/usr/local/texlive/2017/texmf-dist/tex/latex/graphics/trig.sty)
(/usr/local/texlive/2017/texmf-dist/tex/latex/graphics-cfg/graphics.cfg)
(/usr/local/texlive/2017/texmf-dist/tex/latex/graphics-def/pdftex.def)))
(/usr/local/texlive/2017/texmf-dist/tex/latex/hyperref/hyperref.sty
(/usr/local/texlive/2017/texmf-dist/tex/generic/oberdiek/hobsub-hyperref.sty
(/usr/local/texlive/2017/texmf-dist/tex/generic/oberdiek/hobsub-generic.sty))
(/usr/local/texlive/2017/texmf-dist/tex/latex/oberdiek/auxhook.sty)
(/usr/local/texlive/2017/texmf-dist/tex/latex/oberdiek/kvoptions.sty)
(/usr/local/texlive/2017/texmf-dist/tex/latex/hyperref/pd1enc.def)
(/usr/local/texlive/2017/texmf-dist/tex/latex/latexconfig/hyperref.cfg)
(/usr/local/texlive/2017/texmf-dist/tex/latex/url/url.sty))

Package hyperref Message: Driver (autodetected): hpdftex.

(/usr/local/texlive/2017/texmf-dist/tex/latex/hyperref/hpdftex.def
(/usr/local/texlive/2017/texmf-dist/tex/latex/oberdiek/rerunfilecheck.sty))
(/usr/local/texlive/2017/texmf-dist/tex/latex/natbib/natbib.sty)
(/usr/local/texlive/2017/texmf-dist/tex/latex/setspace/setspace.sty)
(/usr/local/texlive/2017/texmf-dist/tex/latex/titlesec/titlesec.sty)
(/usr/local/texlive/2017/texmf-dist/tex/latex/booktabs/booktabs.sty)
(/usr/local/texlive/2017/texmf-dist/tex/latex/tools/array.sty)
(/usr/local/texlive/2017/texmf-dist/tex/latex/enumitem/enumitem.sty)
(/usr/local/texlive/2017/texmf-dist/tex/latex/xcolor/xcolor.sty
(/usr/local/texlive/2017/texmf-dist/tex/latex/graphics-cfg/color.cfg))
(/usr/local/texlive/2017/texmf-dist/tex/latex/microtype/microtype.sty
(/usr/local/texlive/2017/texmf-dist/tex/latex/microtype/microtype-pdftex.def)
(/usr/local/texlive/2017/texmf-dist/tex/latex/microtype/microtype.cfg))
(/usr/local/texlive/2017/texmf-dist/tex/latex/caption/caption.sty
(/usr/local/texlive/2017/texmf-dist/tex/latex/caption/caption3.sty))
(/usr/local/texlive/2017/texmf-dist/tex/latex/wrapfig/wrapfig.sty)
(./mdgen2_report.aux)
(/usr/local/texlive/2017/texmf-dist/tex/latex/psnfss/ot1ptm.fd)
*geometry* driver: auto-detecting
*geometry* detected driver: pdftex
(/usr/local/texlive/2017/texmf-dist/tex/context/base/mkii/supp-pdf.mkii
[Loading MPS to PDF converter (version 2006.09.02).]
) (/usr/local/texlive/2017/texmf-dist/tex/latex/oberdiek/epstopdf-base.sty
(/usr/local/texlive/2017/texmf-dist/tex/latex/oberdiek/grfext.sty)
(/usr/local/texlive/2017/texmf-dist/tex/latex/latexconfig/epstopdf-sys.cfg))
(/usr/local/texlive/2017/texmf-dist/tex/latex/hyperref/nameref.sty
(/usr/local/texlive/2017/texmf-dist/tex/generic/oberdiek/gettitlestring.sty))
(./mdgen2_report.out) (./mdgen2_report.out)
(/usr/local/texlive/2017/texmf-dist/tex/latex/microtype/mt-ptm.cfg)
(/usr/local/texlive/2017/texmf-dist/tex/latex/microtype/mt-cmr.cfg)
(/usr/local/texlive/2017/texmf-dist/tex/latex/amsfonts/umsa.fd)
(/usr/local/texlive/2017/texmf-dist/tex/latex/microtype/mt-msa.cfg)
(/usr/local/texlive/2017/texmf-dist/tex/latex/amsfonts/umsb.fd)
(/usr/local/texlive/2017/texmf-dist/tex/latex/microtype/mt-msb.cfg) [1{/usr/loc
al/texlive/2017/texmf-var/fonts/map/pdftex/updmap/pdftex.map}] [2] [3] [4]
Overfull \hbox (9.17267pt too wide) in paragraph at lines 150--151
\OT1/ptm/m/n/12 (-20) self-attention across all frames $\OML/cmm/m/it/12 f \OMS
/cmsy/m/n/12 2 \OT1/cmr/m/n/12 [1\OML/cmm/m/it/12 ; F\OT1/cmr/m/n/12 ]$ \OT1/pt
m/m/n/12 (-20) pro-duces up-dated hid-den states $\OT1/cmr/bx/n/12 h[] \OMS/cms
y/m/n/12   [][]\OT1/cmr/m/n/12 (\OT1/cmr/bx/n/12 h[]\OML/cmm/m/it/12 ;  f[] \OT
1/cmr/m/n/12 =
(/usr/local/texlive/2017/texmf-dist/tex/latex/amsfonts/ueuf.fd)
(/usr/local/texlive/2017/texmf-dist/tex/latex/microtype/mt-euf.cfg)
(/usr/local/texlive/2017/texmf-dist/tex/latex/psnfss/omsptm.fd)

LaTeX Warning: `h' float specifier changed to `ht'.

[5] [6] [7]
Underfull \hbox (badness 1817) in paragraph at lines 324--327
[]\OT1/ptm/m/n/10.95 (+20) Song, J., Meng, C., Er-mon, S. (2020). De-nois-ing d
if-fu-sion im-plicit mod-els. \OT1/ptm/m/it/10.95 (+20) ICLR 2021\OT1/ptm/m/n/1
0.95 (+20) .
[8] (./mdgen2_report.aux) )
(see the transcript file for additional information){/usr/local/texlive/2017/te
xmf-dist/fonts/enc/dvips/base/8r.enc}</usr/local/texlive/2017/texmf-dist/fonts/
type1/public/amsfonts/cm/cmbx12.pfb></usr/local/texlive/2017/texmf-dist/fonts/t
ype1/public/amsfonts/cm/cmbx8.pfb></usr/local/texlive/2017/texmf-dist/fonts/typ
e1/public/amsfonts/cm/cmmi12.pfb></usr/local/texlive/2017/texmf-dist/fonts/type
1/public/amsfonts/cm/cmmi6.pfb></usr/local/texlive/2017/texmf-dist/fonts/type1/
public/amsfonts/cm/cmmi8.pfb></usr/local/texlive/2017/texmf-dist/fonts/type1/pu
blic/amsfonts/cm/cmr12.pfb></usr/local/texlive/2017/texmf-dist/fonts/type1/publ
ic/amsfonts/cm/cmr8.pfb></usr/local/texlive/2017/texmf-dist/fonts/type1/public/
amsfonts/cm/cmsy10.pfb></usr/local/texlive/2017/texmf-dist/fonts/type1/public/a
msfonts/cm/cmsy6.pfb></usr/local/texlive/2017/texmf-dist/fonts/type1/public/ams
fonts/cm/cmsy8.pfb></usr/local/texlive/2017/texmf-dist/fonts/type1/public/amsfo
nts/euler/eufm10.pfb></usr/local/texlive/2017/texmf-dist/fonts/type1/public/ams
fonts/symbols/msbm10.pfb></usr/local/texlive/2017/texmf-dist/fonts/type1/urw/ti
mes/utmb8a.pfb></usr/local/texlive/2017/texmf-dist/fonts/type1/urw/times/utmbi8
a.pfb></usr/local/texlive/2017/texmf-dist/fonts/type1/urw/times/utmr8a.pfb></us
r/local/texlive/2017/texmf-dist/fonts/type1/urw/times/utmri8a.pfb>
Output written on mdgen2_report.pdf (8 pages, 188264 bytes).
Transcript written on mdgen2_report.log.
